// Jest Snapshot v1, https://goo.gl/fbAQLP

exports[`EuiCollapsibleNavList is rendered 1`] = `
<ul
  aria-label="aria-label"
  class="euiListGroup euiListGroup-maxWidthDefault euiCollapsibleNavList testClass1 testClass2"
  data-test-subj="test subject string"
>
  <li
    class="euiListGroupItem euiListGroupItem--small euiCollapsibleNavList__item"
  >
    <span
      class="euiListGroupItem__text"
    >
      <div
        class="euiListGroupItem__icon"
        data-euiicon-type="stop"
      />
      <span
        class="euiListGroupItem__label"
        title="Label with iconType"
      >
        Label with iconType
      </span>
    </span>
  </li>
  <li
    class="euiListGroupItem euiListGroupItem--small euiListGroupItem-hasExtraAction euiCollapsibleNavList__item"
  >
    <span
      class="euiListGroupItem__text"
    >
      <span
        class="euiListGroupItem__label"
        title="Custom extra action"
      >
        Custom extra action
      </span>
    </span>
    <button
      class="euiButtonIcon euiButtonIcon--primary euiListGroupItem__extraAction euiListGroupItem__extraAction-alwaysShow"
      type="button"
    >
      <div
        aria-hidden="true"
        class="euiButtonIcon__icon"
        data-euiicon-type="bell"
      />
    </button>
  </li>
  <li
    class="euiListGroupItem euiListGroupItem--small euiListGroupItem-isClickable euiCollapsibleNavList__item"
  >
    <button
      class="euiListGroupItem__button"
      type="button"
    >
      <span
        class="euiListGroupItem__label"
        title="Button with onClick"
      >
        Button with onClick
      </span>
    </button>
  </li>
  <li
    class="euiListGroupItem euiListGroupItem--small euiListGroupItem-isClickable euiCollapsibleNavList__item"
  >
    <a
      class="euiListGroupItem__button"
      href="#"
    >
      <span
        class="euiListGroupItem__label"
        title="Link with href"
      >
        Link with href
      </span>
    </a>
  </li>
</ul>
`;
