// Jest Snapshot v1, https://goo.gl/fbAQLP

exports[`EuiStepsHorizontal is rendered 1`] = `
<div
  aria-label="aria-label"
  class="euiStepsHorizontal testClass1 testClass2"
  data-test-subj="test subject string"
  role="tablist"
/>
`;
