// Jest Snapshot v1, https://goo.gl/fbAQLP

exports[`EuiStep is rendered 1`] = `
<div
  aria-label="aria-label"
  class="euiStep testClass1 testClass2"
  data-test-subj="test subject string"
>
  <div
    class="euiStep__titleWrapper"
  >
    <div
      aria-label="[object Object] 1"
      class="euiStepNumber euiStep__circle"
    >
      1
    </div>
    <h3
      class="euiTitle euiTitle--small euiStep__title"
    >
      First step
    </h3>
  </div>
  <div
    class="euiStep__content"
  >
    <p>
      Do this
    </p>
  </div>
</div>
`;
