// Jest Snapshot v1, https://goo.gl/fbAQLP

exports[`EuiInlineEditableForm is rendered 1`] = `
<div
  aria-label="aria-label"
  class="euiInlineEditableForm testClass1 testClass2"
  data-test-subj="test subject string"
>
  <div
    class="euiInlineEditableForm__inputs"
  >
    <div
      class="euiFormControlLayout"
    >
      <input
        class="euiFieldText"
        readonly=""
        type="text"
        value="example@example.com"
      />
    </div>
    <span
      class="euiInlineEditableForm__textOnly"
      readonly=""
    >
      example@example.com
    </span>
    <button
      aria-label="edit"
      class="euiButtonIcon euiButtonIcon--primary"
      type="button"
    >
      <svg
        aria-hidden="true"
        class="euiIcon euiButtonIcon__icon euiIcon--medium"
        height="16"
        viewBox="0 0 16 16"
        width="16"
        xlink="http://www.w3.org/1999/xlink"
        xmlns="http://www.w3.org/2000/svg"
      >
        <defs>
          <path
            d="M12.148 3.148L11 2l-9 9v3h3l9-9-1.144-1.144-8.002 7.998a.502.502 0 0 1-.708 0 .502.502 0 0 1 0-.708l8.002-7.998zM11 1c.256 0 .512.098.707.293l3 3a.999.999 0 0 1 0 1.414l-9 9A.997.997 0 0 1 5 15H2a1 1 0 0 1-1-1v-3c0-.265.105-.52.293-.707l9-9A.997.997 0 0 1 11 1zM5 14H2v-3l3 3z"
            id="pencil-a"
          />
        </defs>
        <use
          href="#pencil-a"
        />
      </svg>
    </button>
  </div>
</div>
`;
